2025-10-17 17:21:59 UTC
macOS-15.6-arm64-arm-64bit
Ren'Py 8.4.1.25072401

Early init took 19 ms
Loading error handling took 13 ms
Loading script took 258 ms
Loading save slot metadata took 1 ms
Loading persistent took 0 ms
Running init code took 23 ms
Loading analysis data took 0 ms
Analyze and compile ATL took 1 ms
Reloading save slot metadata took 0 ms
Dump and make backups took 14 ms
Cleaning cache took 0 ms
Making clean stores took 0 ms
Initial gc took 12 ms
DPI scale factor: 1.000000
Creating interface object took 0 ms
Init translation took 0 ms
Cleaning stores took 0 ms
Load screen analysis took 0 ms
Analyze screens took 7 ms
Save screen analysis took 3 ms
Save pyanalysis took 1 ms
Save bytecode took 11 ms
Running _start took 0 ms
Interface start took 153 ms

Initializing gl2 renderer:
primary display bounds: (0, 0, 1470, 956)
swap interval: 1 frames
Windowed mode.
Vendor: 'Apple'
Renderer: 'Apple M4'
Version: '2.1 Metal - 89.4'
Display Info: <Info({'bitsize': 32, 'bytesize': 4, 'masks': (16711680, 65280, 255, 4278190080), 'shifts': (16, 8, 0, 24), 'losses': (0, 0, 0, 0), 'current_w': 1470, 'current_h': 956, 'refresh_rate': 60, 'hw': False, 'wm': True, 'video_mem': 268435456, 'blit_hw': False, 'blit_hw_CC': False, 'blit_hw_A': False, 'blit_sw': False, 'blit_sw_CC': False, 'blit_sw_A': False})>
Screen sizes: virtual=(800, 600) physical=(800, 600) drawable=(1600, 1200)
Maximum texture size: 4096x4096
Could not open 'cache/shaders.txt':

Full traceback:
  File "renpy/common/00start.rpy", line 291, in script
    python:
  File "renpy/ast.py", line 1187, in execute
    renpy.python.py_exec_bytecode(self.code.bytecode, self.hide, store=self.store)
    ~~~~~~~~~~~~~~~~~~~~~~~~~~~~~^^^^^^^^^^^^^^^^^^^^^^^^^^^^^^^^^^^^^^^^^^^^^^^^^
  File "renpy/python.py", line 1260, in py_exec_bytecode
    exec(bytecode, globals, locals)
    ~~~~^^^^^^^^^^^^^^^^^^^^^^^^^^^
  File "renpy/common/00start.rpy", line 293, in <module>
    renpy.jump("start")
    ~~~~~~~~~~^^^^^^^^^
  File "renpy/exports/statementexports.py", line 271, in jump
    raise renpy.game.JumpException(label)
renpy.game.JumpException: start

During handling of the above exception, another exception occurred:

Traceback (most recent call last):
  File "renpy/bootstrap.py", line 376, in bootstrap
    renpy.main.main()
    ~~~~~~~~~~~~~~~^^
  File "renpy/main.py", line 614, in main
    run(restart)
    ~~~^^^^^^^^^
  File "renpy/main.py", line 137, in run
    renpy.execution.run_context(True)
    ~~~~~~~~~~~~~~~~~~~~~~~~~~~^^^^^^
  File "renpy/execution.py", line 1022, in run_context
    context.run()
    ~~~~~~~~~~~^^
  File "renpy/common/00start.rpy", line 291, in script
    python:
  File "renpy/script.py", line 1161, in lookup
    raise LabelNotFound(original)
renpy.script.LabelNotFound: could not find label 'start'.

While running game code:
renpy.game.JumpException: start

During handling of the above exception, another exception occurred:

renpy.script.LabelNotFound: could not find label 'start'.
